[rtpmenang.my.id/index.html]
[cdn.ampproject.org/v0.js]
[backblue.gif]
[fade.gif]
[index.html]
[rtpmenang.my.id/image/assets/fav.png]
[rtpmenang.my.id/index-2.html]
[cdn.ampproject.org/v0/amp-analytics-0.1.js]
[rtpmenang.my.id/image/assets/logo.png]
[rtpmenang.my.id/pgsoft/index.html]
[rtpmenang.my.id/joker/index.html]
[rtpmenang.my.id/habanero/index.html]
[rtpmenang.my.id/cq9/index.html]
[rtpmenang.my.id/image/pragmatic/sr.jpg]
[rtpmenang.my.id/image/pragmatic/goo.jpg]
[rtpmenang.my.id/image/pragmatic/sb.jpg]
[rtpmenang.my.id/image/pragmatic/sbx.jpg]
[rtpmenang.my.id/image/pragmatic/sp.jpg]
[rtpmenang.my.id/image/pragmatic/mr.jpg]
[rtpmenang.my.id/image/pragmatic/tw.jpg]
[rtpmenang.my.id/image/pragmatic/jj.jpg]
[rtpmenang.my.id/image/pragmatic/wwgm.jpg]
[rtpmenang.my.id/image/pragmatic/ag.jpg]
[rtpmenang.my.id/image/pragmatic/tt.jpg]
[rtpmenang.my.id/image/pragmatic/5lm.jpg]
[rtpmenang.my.id/image/pragmatic/ab.jpg]
[rtpmenang.my.id/image/pragmatic/akm.jpg]
[rtpmenang.my.id/image/pragmatic/bb.jpg]
[rtpmenang.my.id/image/pragmatic/bbbm.jpg]
[rtpmenang.my.id/image/pragmatic/bg.jpg]
[rtpmenang.my.id/image/pragmatic/bkm.jpg]
[rtpmenang.my.id/image/pragmatic/cc.jpg]
[rtpmenang.my.id/image/pragmatic/ccm.jpg]
[rtpmenang.my.id/image/pragmatic/cv.jpg]
[rtpmenang.my.id/image/pragmatic/ds.jpg]
[rtpmenang.my.id/image/pragmatic/ec.jpg]
[rtpmenang.my.id/image/pragmatic/egm.jpg]
[rtpmenang.my.id/image/pragmatic/ejm.jpg]
[rtpmenang.my.id/image/pragmatic/eoc.jpg]
[rtpmenang.my.id/image/pragmatic/f88.jpg]
[rtpmenang.my.id/image/pragmatic/gb.jpg]
[rtpmenang.my.id/image/pragmatic/gh.jpg]
[rtpmenang.my.id/image/pragmatic/gov.jpg]
[rtpmenang.my.id/image/pragmatic/grm.jpg]
[rtpmenang.my.id/image/pragmatic/kp.jpg]
[rtpmenang.my.id/image/pragmatic/ll.jpg]
[rtpmenang.my.id/image/pragmatic/mor.jpg]
[rtpmenang.my.id/image/pragmatic/mp.jpg]
[rtpmenang.my.id/image/pragmatic/pb.jpg]
[rtpmenang.my.id/image/pragmatic/potw.jpg]
[rtpmenang.my.id/image/pragmatic/qog.jpg]
[rtpmenang.my.id/image/pragmatic/rog.jpg]
[rtpmenang.my.id/image/pragmatic/ros.jpg]
[rtpmenang.my.id/image/pragmatic/tamm.jpg]
[rtpmenang.my.id/image/pragmatic/tdhm.jpg]
[rtpmenang.my.id/image/pragmatic/thom.jpg]
[rtpmenang.my.id/image/pragmatic/pf.jpg]
[rtpmenang.my.id/image/pragmatic/ng.jpg]
[rtpmenang.my.id/index.html]
[rtpmenang.my.id/index-2.html]
[rtpmenang.my.id/image/pgsoft/mw.png]
[rtpmenang.my.id/image/pgsoft/mw2.png]
[rtpmenang.my.id/image/pgsoft/cb.png]
[rtpmenang.my.id/image/pgsoft/wc.png]
[rtpmenang.my.id/image/pgsoft/wbs.png]
[rtpmenang.my.id/image/pgsoft/roa.png]
[rtpmenang.my.id/image/pgsoft/mr.png]
[rtpmenang.my.id/image/pgsoft/cg.png]
[rtpmenang.my.id/image/pgsoft/hs.png]
[rtpmenang.my.id/image/pgsoft/wotq.png]
[rtpmenang.my.id/image/pgsoft/lmk.png]
[rtpmenang.my.id/image/pgsoft/bw.png]
[rtpmenang.my.id/image/pgsoft/so.png]
[rtpmenang.my.id/image/pgsoft/jk.png]
[rtpmenang.my.id/image/pgsoft/gh.png]
[rtpmenang.my.id/image/pgsoft/op.png]
[rtpmenang.my.id/image/pgsoft/rjc.png]
[rtpmenang.my.id/image/pgsoft/er.png]
[rtpmenang.my.id/image/pgsoft/sms.png]
[rtpmenang.my.id/image/pgsoft/fi.png]
[rtpmenang.my.id/image/pgsoft/cn.png]
[rtpmenang.my.id/image/pgsoft/mc.png]
[rtpmenang.my.id/image/pgsoft/sw.png]
[rtpmenang.my.id/image/pgsoft/tqb.png]
[rtpmenang.my.id/image/pgsoft/dosm.png]
[rtpmenang.my.id/image/pgsoft/gg.png]
[rtpmenang.my.id/image/pgsoft/rr.png]
[rtpmenang.my.id/image/pgsoft/br.png]
[rtpmenang.my.id/image/pgsoft/bb.png]
[rtpmenang.my.id/image/pgsoft/ft.png]
[rtpmenang.my.id/image/pgsoft/mt.png]
[rtpmenang.my.id/image/pgsoft/fg.png]
[rtpmenang.my.id/image/pgsoft/mtqop.png]
[rtpmenang.my.id/image/pgsoft/swin.png]
[rtpmenang.my.id/image/pgsoft/lop.png]
[rtpmenang.my.id/image/pgsoft/wwfpc.png]
[rtpmenang.my.id/image/pgsoft/ll.png]
[rtpmenang.my.id/image/pgsoft/www.png]
[rtpmenang.my.id/pgsoft/index.html]
[rtpmenang.my.id/image/joker/tlows.png]
[rtpmenang.my.id/image/joker/pjl2.png]
[rtpmenang.my.id/image/joker/wg.png]
[rtpmenang.my.id/image/joker/lol.png]
[rtpmenang.my.id/image/joker/al.png]
[rtpmenang.my.id/image/joker/ge.png]
[rtpmenang.my.id/image/joker/lg.png]
[rtpmenang.my.id/image/joker/wf.png]
[rtpmenang.my.id/image/joker/fof.png]
[rtpmenang.my.id/image/joker/lgp.png]
[rtpmenang.my.id/image/joker/cm.png]
[rtpmenang.my.id/image/joker/dpf.png]
[rtpmenang.my.id/image/joker/dpd.png]
[rtpmenang.my.id/image/joker/cma.png]
[rtpmenang.my.id/image/joker/sh.png]
[rtpmenang.my.id/image/joker/dr.png]
[rtpmenang.my.id/image/joker/hb.png]
[rtpmenang.my.id/image/joker/tp.png]
[rtpmenang.my.id/image/joker/qu2.png]
[rtpmenang.my.id/image/joker/nt.png]
[rtpmenang.my.id/image/joker/ro.png]
[rtpmenang.my.id/image/joker/wr.png]
[rtpmenang.my.id/image/joker/ano.png]
[rtpmenang.my.id/image/joker/aiw.png]
[rtpmenang.my.id/image/joker/pjl.png]
[rtpmenang.my.id/image/joker/lr.png]
[rtpmenang.my.id/image/joker/llc.png]
[rtpmenang.my.id/image/joker/at.png]
[rtpmenang.my.id/image/joker/cb.png]
[rtpmenang.my.id/image/joker/nh.png]
[rtpmenang.my.id/image/joker/bb.png]
[rtpmenang.my.id/image/joker/jttw.png]
[rtpmenang.my.id/image/joker/qotn.png]
[rtpmenang.my.id/image/joker/tg.png]
[rtpmenang.my.id/image/joker/dre.png]
[rtpmenang.my.id/image/joker/ob.png]
[rtpmenang.my.id/image/joker/nssm.png]
[rtpmenang.my.id/image/joker/ygg.png]
[rtpmenang.my.id/image/joker/gmk.png]
[rtpmenang.my.id/image/joker/mk.png]
[rtpmenang.my.id/joker/index.html]
[rtpmenang.my.id/image/habanero/kg.jpg]
[rtpmenang.my.id/image/habanero/br.jpg]
[rtpmenang.my.id/image/habanero/gud.jpg]
[rtpmenang.my.id/image/habanero/mm.jpg]
[rtpmenang.my.id/image/habanero/mmc.jpg]
[rtpmenang.my.id/image/habanero/db.jpg]
[rtpmenang.my.id/image/habanero/hhf.jpg]
[rtpmenang.my.id/image/habanero/ll.jpg]
[rtpmenang.my.id/image/habanero/wi.jpg]
[rtpmenang.my.id/image/habanero/wt.jpg]
[rtpmenang.my.id/image/habanero/mfd.jpg]
[rtpmenang.my.id/image/habanero/ld.jpg]
[rtpmenang.my.id/image/habanero/nyb.jpg]
[rtpmenang.my.id/image/habanero/pr.jpg]
[rtpmenang.my.id/image/habanero/hct.jpg]
[rtpmenang.my.id/image/habanero/fcsd.jpg]
[rtpmenang.my.id/image/habanero/5ll.jpg]
[rtpmenang.my.id/image/habanero/fcs.jpg]
[rtpmenang.my.id/image/habanero/hhh.jpg]
[rtpmenang.my.id/image/habanero/fdb.jpg]
[rtpmenang.my.id/image/habanero/lulu.jpg]
[rtpmenang.my.id/image/habanero/sc.jpg]
[rtpmenang.my.id/image/habanero/www.jpg]
[rtpmenang.my.id/image/habanero/nt.jpg]
[rtpmenang.my.id/image/habanero/hs.jpg]
[rtpmenang.my.id/image/habanero/sv.jpg]
[rtpmenang.my.id/image/habanero/12z.jpg]
[rtpmenang.my.id/image/habanero/5m.jpg]
[rtpmenang.my.id/image/habanero/afo.jpg]
[rtpmenang.my.id/image/habanero/ae.jpg]
[rtpmenang.my.id/image/habanero/aw.jpg]
[rtpmenang.my.id/image/habanero/ag.jpg]
[rtpmenang.my.id/image/habanero/bb.jpg]
[rtpmenang.my.id/image/habanero/btro.jpg]
[rtpmenang.my.id/image/habanero/bi.jpg]
[rtpmenang.my.id/image/habanero/bot.jpg]
[rtpmenang.my.id/image/habanero/bbb.jpg]
[rtpmenang.my.id/image/habanero/ba.jpg]
[rtpmenang.my.id/image/habanero/bbo.jpg]
[rtpmenang.my.id/image/habanero/cv.jpg]
[rtpmenang.my.id/image/habanero/ce.jpg]
[rtpmenang.my.id/image/habanero/ct.jpg]
[rtpmenang.my.id/habanero/index.html]
[rtpmenang.my.id/image/cq9/gofo.png]
[rtpmenang.my.id/image/cq9/fcs2.png]
[rtpmenang.my.id/image/cq9/juhi.png]
[rtpmenang.my.id/image/cq9/ze.png]
[rtpmenang.my.id/image/cq9/dini.png]
[rtpmenang.my.id/image/cq9/5gb.png]
[rtpmenang.my.id/image/cq9/he.png]
[rtpmenang.my.id/image/cq9/fcs.png]
[rtpmenang.my.id/image/cq9/jh2.png]
[rtpmenang.my.id/image/cq9/fq2.png]
[rtpmenang.my.id/image/cq9/t2.png]
[rtpmenang.my.id/image/cq9/fiqu.png]
[rtpmenang.my.id/image/cq9/drba.png]
[rtpmenang.my.id/image/cq9/gow.png]
[rtpmenang.my.id/image/cq9/luba.png]
[rtpmenang.my.id/image/cq9/flcs.png]
[rtpmenang.my.id/image/cq9/frki.png]
[rtpmenang.my.id/image/cq9/frca.png]
[rtpmenang.my.id/image/cq9/jelu.png]
[rtpmenang.my.id/image/cq9/cpp.png]
[rtpmenang.my.id/image/cq9/jumo.png]
[rtpmenang.my.id/image/cq9/pyra.png]
[rtpmenang.my.id/image/cq9/snqu.png]
[rtpmenang.my.id/image/cq9/wola.png]
[rtpmenang.my.id/image/cq9/sksk.png]
[rtpmenang.my.id/image/cq9/trho.png]
[rtpmenang.my.id/image/cq9/alru.png]
[rtpmenang.my.id/image/cq9/rj2.png]
[rtpmenang.my.id/image/cq9/zuwi.png]
[rtpmenang.my.id/image/cq9/inel.png]
[rtpmenang.my.id/image/cq9/whmo.png]
[rtpmenang.my.id/image/cq9/ggg2.png]
[rtpmenang.my.id/image/cq9/sale.png]
[rtpmenang.my.id/image/cq9/me.png]
[rtpmenang.my.id/image/cq9/ggg.png]
[rtpmenang.my.id/image/cq9/ruan.png]
[rtpmenang.my.id/image/cq9/mnj.png]
[rtpmenang.my.id/image/cq9/fich.png]
[rtpmenang.my.id/cq9/index.html]
[rtpmenang.my.id/joker123/index.html]
[rtpmenang.my.id/image/cq9/gost.png]
[rtpmenang.my.id/image/joker/he.png]
[rtpmenang.my.id/image/joker/og.png]
[rtpmenang.my.id/image/pgsoft/ww.png]
